// Jest Snapshot v1, https://goo.gl/fbAQLP

exports[`namespace supports vml, wml and office namespaces 1`] = `"<v:roundrect fill=\\"true\\" href=\\"https://example.com\\" style=\\"v-text-anchor:middle;height:40px;width:200px\\"><w:anchorlock></w:anchorlock><v:fill type=\\"tile\\" src=\\"https://i.imgur.com/0xPEf.gif\\" color=\\"#556270\\"></v:fill><center style=\\"font-family:sans-serif;font-weight:bold;font-size:13px;color:#fff\\">Click me</center></v:roundrect>"`;
