// Jest Snapshot v1, https://goo.gl/fbAQLP

exports[`specific expands color to 6 digits 1`] = `
<p
  style={
    Object {
      "borderBottomColor": "#333333",
      "borderBottomStyle": "solid",
      "borderBottomWidth": "1px",
      "borderLeftColor": "#333333",
      "borderLeftStyle": "solid",
      "borderLeftWidth": "1px",
      "borderRightColor": "#333333",
      "borderRightStyle": "solid",
      "borderRightWidth": "1px",
      "borderTopColor": "#333333",
      "borderTopStyle": "solid",
      "borderTopWidth": "1px",
      "color": "#000000",
    }
  }
/>
`;

exports[`specific outputs correct units 1`] = `
<center
  style={
    Object {
      "left": "-1em",
      "lineHeight": "1.2",
      "marginBottom": "10in",
      "marginLeft": "10in",
      "marginRight": "10in",
      "marginTop": "10in",
      "paddingBottom": "10px",
      "paddingLeft": "10px",
      "paddingRight": "10px",
      "paddingTop": "10px",
      "right": "5pt",
    }
  }
/>
`;

exports[`specific supports custom attributes 1`] = `
<v:roundrect
  style={Object {}}
  xmlns:v="urn:schemas-microsoft-com:vml"
  xmlns:w="urn:schemas-microsoft-com:office:word"
/>
`;

exports[`specific supports mail-specific props 1`] = `
<center
  style={
    Object {
      "msoHide": "all",
    }
  }
/>
`;

exports[`specific supports vml specific elements 1`] = `
<w:anchorlock
  style={Object {}}
/>
`;
