// Jest Snapshot v1, https://goo.gl/fbAQLP

exports[`styled composes components: 
<a
  href="https://example.com"
  style={
    Object {
      "backgroundColor": "blue",
      "color": "white",
      "fontSize": "20px",
      "fontWeight": "bold",
      "paddingBottom": "10px",
      "paddingLeft": "20px",
      "paddingRight": "20px",
      "paddingTop": "10px",
      "textDecoration": "none",
    }
  }
>
  Click me
</a>
 1`] = `
<a
  href="https://example.com"
  style={
    Object {
      "backgroundColor": "blue",
      "color": "white",
      "fontSize": "20px",
      "fontWeight": "bold",
      "paddingBottom": "10px",
      "paddingLeft": "20px",
      "paddingRight": "20px",
      "paddingTop": "10px",
      "textDecoration": "none",
    }
  }
>
  Click me
</a>
`;

exports[`styled expands style rules: 
<p
  style={
    Object {
      "backgroundColor": "#333333",
      "borderBottomColor": "#333333",
      "borderBottomStyle": "solid",
      "borderBottomWidth": "1px",
      "borderLeftColor": "#333333",
      "borderLeftStyle": "solid",
      "borderLeftWidth": "1px",
      "borderRightColor": "#333333",
      "borderRightStyle": "solid",
      "borderRightWidth": "1px",
      "borderTopColor": "#333333",
      "borderTopStyle": "solid",
      "borderTopWidth": "1px",
    }
  }
/>
 1`] = `
<p
  style={
    Object {
      "backgroundColor": "#333333",
      "borderBottomColor": "#333333",
      "borderBottomStyle": "solid",
      "borderBottomWidth": "1px",
      "borderLeftColor": "#333333",
      "borderLeftStyle": "solid",
      "borderLeftWidth": "1px",
      "borderRightColor": "#333333",
      "borderRightStyle": "solid",
      "borderRightWidth": "1px",
      "borderTopColor": "#333333",
      "borderTopStyle": "solid",
      "borderTopWidth": "1px",
    }
  }
/>
`;
